[dotenv@17.2.3] injecting env (15) from .env.test -- tip: 🔄 add secrets lifecycle management: https://dotenvx.com/ops

Running 82 tests using 1 worker

[dotenv@17.2.3] injecting env (0) from .env.test -- tip: ⚙️  write to custom object with { processEnv: myObject }
  ✓   1 [chromium] › tests/e2e/tier-1/01-auth.spec.ts:11:7 › Authentication Flow › should load home page (8.0s)
  ✓   2 [chromium] › tests/e2e/tier-1/01-auth.spec.ts:16:7 › Authentication Flow › should show login/connect button when not authenticated (9.7s)
  -   3 [chromium] › tests/e2e/tier-1/01-auth.spec.ts:24:8 › Authentication Flow › should authenticate with Privy email
  -   4 [chromium] › tests/e2e/tier-1/01-auth.spec.ts:31:8 › Authentication Flow › should logout successfully
  -   5 [chromium] › tests/e2e/tier-1/01-auth.spec.ts:40:8 › Profile Creation (Onboarding) › should show onboarding modal for new users
  -   6 [chromium] › tests/e2e/tier-1/01-auth.spec.ts:48:8 › Profile Creation (Onboarding) › should complete profile with username only
  -   7 [chromium] › tests/e2e/tier-1/01-auth.spec.ts:58:8 › Profile Creation (Onboarding) › should complete profile with username and display name
  -   8 [chromium] › tests/e2e/tier-1/01-auth.spec.ts:70:8 › Profile Creation (Onboarding) › should reject invalid usernames
  -   9 [chromium] › tests/e2e/tier-1/01-auth.spec.ts:88:8 › Profile Creation (Onboarding) › should upload profile photo during onboarding
  ✘  10 [chromium] › tests/e2e/tier-1/01-auth.spec.ts:109:7 › Auth Status API › should return unauthenticated status when not logged in (31ms)
  -  11 [chromium] › tests/e2e/tier-1/01-auth.spec.ts:117:8 › Auth Status API › should return authenticated status when logged in
  -  12 [chromium] › tests/e2e/tier-1/02-wallet.spec.ts:10:8 › Wallet Connection › should connect Solana wallet via Privy
  -  13 [chromium] › tests/e2e/tier-1/02-wallet.spec.ts:22:8 › Wallet Connection › should display USDC balance
  -  14 [chromium] › tests/e2e/tier-1/02-wallet.spec.ts:32:8 › Wallet Connection › should show fund wallet button when balance is low
  -  15 [chromium] › tests/e2e/tier-1/02-wallet.spec.ts:46:8 › Wallet Connection › should disconnect wallet
  -  16 [chromium] › tests/e2e/tier-1/02-wallet.spec.ts:65:8 › Onboarding Wallet Display › should show wallet info in onboarding modal
[dotenv@17.2.3] injecting env (0) from .env.test -- tip: 🔄 add secrets lifecycle management: https://dotenvx.com/ops
  ✘  17 [chromium] › tests/e2e/tier-1/03-navigation.spec.ts:9:7 › Basic Navigation › should load home/feed page (7.4s)
[dotenv@17.2.3] injecting env (0) from .env.test -- tip: 📡 add observability to secrets: https://dotenvx.com/ops
  ✘  18 [chromium] › tests/e2e/tier-1/03-navigation.spec.ts:14:7 › Basic Navigation › should display navigation header (8.2s)
[dotenv@17.2.3] injecting env (0) from .env.test -- tip: 👥 sync secrets across teammates & machines: https://dotenvx.com/ops
  ✘  19 [chromium] › tests/e2e/tier-1/03-navigation.spec.ts:24:7 › Basic Navigation › should navigate to explore page (30.9s)
[dotenv@17.2.3] injecting env (0) from .env.test -- tip: 🔄 add secrets lifecycle management: https://dotenvx.com/ops
  -  20 [chromium] › tests/e2e/tier-1/03-navigation.spec.ts:35:8 › Basic Navigation › should navigate to profile page when authenticated
  ✘  21 [chromium] › tests/e2e/tier-1/03-navigation.spec.ts:47:7 › Basic Navigation › should show sidebar on desktop (6.5s)
[dotenv@17.2.3] injecting env (0) from .env.test -- tip: ⚙️  write to custom object with { processEnv: myObject }
  ✘  22 [chromium] › tests/e2e/tier-1/03-navigation.spec.ts:56:7 › Basic Navigation › should show mobile nav on small screens (6.4s)
[dotenv@17.2.3] injecting env (0) from .env.test -- tip: 🔐 prevent committing .env to code: https://dotenvx.com/precommit
  ✓  23 [chromium] › tests/e2e/tier-1/03-navigation.spec.ts:65:7 › Basic Navigation › should toggle mobile menu (1.8s)
  -  24 [chromium] › tests/e2e/tier-1/03-navigation.spec.ts:81:8 › Post Detail Panel › should open post detail panel when clicking post
  -  25 [chromium] › tests/e2e/tier-1/03-navigation.spec.ts:93:8 › Post Detail Panel › should close post detail panel
  ✘  26 [chromium] › tests/e2e/tier-1/04-basic-ui.spec.ts:9:7 › Homepage UI › should load and display Veritas branding (1.2s)
[dotenv@17.2.3] injecting env (0) from .env.test -- tip: 👥 sync secrets across teammates & machines: https://dotenvx.com/ops
  ✓  27 [chromium] › tests/e2e/tier-1/04-basic-ui.spec.ts:22:7 › Homepage UI › should display connect/login button (2.4s)
  ✘  28 [chromium] › tests/e2e/tier-1/04-basic-ui.spec.ts:29:7 › Homepage UI › should have feed or posts section (4.4s)
[dotenv@17.2.3] injecting env (0) from .env.test -- tip: ✅ audit secrets and track compliance: https://dotenvx.com/ops
  ✘  29 [chromium] › tests/e2e/tier-1/04-basic-ui.spec.ts:42:7 › Navigation Elements › should have navigation menu (1.5s)
[dotenv@17.2.3] injecting env (0) from .env.test -- tip: ⚙️  specify custom .env file path with { path: '/custom/path/.env' }
  ✘  30 [chromium] › tests/e2e/tier-1/04-basic-ui.spec.ts:52:7 › Navigation Elements › should have mobile navigation on small screens (1.3s)
[dotenv@17.2.3] injecting env (0) from .env.test -- tip: ⚙️  specify custom .env file path with { path: '/custom/path/.env' }
Page loaded in 2058ms
  ✓  31 [chromium] › tests/e2e/tier-1/04-basic-ui.spec.ts:65:7 › Page Performance › should load within reasonable time (2.2s)
  ✓  32 [chromium] › tests/e2e/tier-1/04-basic-ui.spec.ts:77:7 › Console Errors › should not have critical console errors (4.4s)
  -  33 [chromium] › tests/e2e/tier-2/01-post-creation.spec.ts:10:8 › Create Post Modal › should open create post modal
  -  34 [chromium] › tests/e2e/tier-2/01-post-creation.spec.ts:22:8 › Create Post Modal › should close create post modal
  -  35 [chromium] › tests/e2e/tier-2/01-post-creation.spec.ts:40:8 › Post Creation - Text Only › should create simple text post
  -  36 [chromium] › tests/e2e/tier-2/01-post-creation.spec.ts:66:8 › Post Creation - Text Only › should reject empty title
  -  37 [chromium] › tests/e2e/tier-2/01-post-creation.spec.ts:85:8 › Post Creation - Text Only › should reject empty content
  -  38 [chromium] › tests/e2e/tier-2/01-post-creation.spec.ts:104:8 › Post Creation - Text Only › should reject post without belief category
  -  39 [chromium] › tests/e2e/tier-2/01-post-creation.spec.ts:127:8 › Post Creation - With Media › should upload and attach image
  -  40 [chromium] › tests/e2e/tier-2/01-post-creation.spec.ts:155:8 › Post Creation - With Media › should upload and attach video
  -  41 [chromium] › tests/e2e/tier-2/01-post-creation.spec.ts:183:8 › Post Creation - With Media › should reject oversized image
  -  42 [chromium] › tests/e2e/tier-2/01-post-creation.spec.ts:201:8 › Post Creation API › should create post via API
  ✘  43 [chromium] › tests/e2e/tier-2/02-feed-viewing.spec.ts:9:7 › Feed Display › should load feed page (6.7s)
  -  44 [chromium] › tests/e2e/tier-2/02-feed-viewing.spec.ts:14:8 › Feed Display › should display posts in feed
  -  45 [chromium] › tests/e2e/tier-2/02-feed-viewing.spec.ts:27:8 › Feed Display › should display post metadata
  -  46 [chromium] › tests/e2e/tier-2/02-feed-viewing.spec.ts:43:8 › Feed Display › should load more posts on scroll
  -  47 [chromium] › tests/e2e/tier-2/02-feed-viewing.spec.ts:64:8 › Post Detail Panel › should open post detail when clicking post
  -  48 [chromium] › tests/e2e/tier-2/02-feed-viewing.spec.ts:77:8 › Post Detail Panel › should display full post content in detail panel
  -  49 [chromium] › tests/e2e/tier-2/02-feed-viewing.spec.ts:90:8 › Post Detail Panel › should display author info in detail panel
  -  50 [chromium] › tests/e2e/tier-2/02-feed-viewing.spec.ts:103:8 › Post Detail Panel › should display belief score card if available
  -  51 [chromium] › tests/e2e/tier-2/02-feed-viewing.spec.ts:120:8 › Post Detail Panel › should display pool metrics if pool deployed
  -  52 [chromium] › tests/e2e/tier-2/02-feed-viewing.spec.ts:138:8 › Post Detail Panel › should show "No Pool Yet" if pool not deployed
  -  53 [chromium] › tests/e2e/tier-2/02-feed-viewing.spec.ts:155:8 › Post Detail Panel › should close detail panel
  -  54 [chromium] › tests/e2e/tier-2/02-feed-viewing.spec.ts:174:8 › Post Detail API › should fetch post by ID
[dotenv@17.2.3] injecting env (0) from .env.test -- tip: 🔑 add access controls to secrets: https://dotenvx.com/ops
🔐 Logging in with Privy test account...
  ✓ Clicked login button
  ✓ Entered email: test-7450@privy.io
  ✓ Clicked continue
  ✓ Entered OTP: 754864
  ℹ OTP auto-submitted
  ✘  55 [chromium] › tests/e2e/tier-2/03-authenticated-post-creation.spec.ts:10:7 › Create Post (Authenticated) › should open create post modal (14.2s)
[dotenv@17.2.3] injecting env (0) from .env.test -- tip: 🔐 encrypt with Dotenvx: https://dotenvx.com
🔐 Logging in with Privy test account...
  ✓ Clicked login button
  ✓ Entered email: test-7450@privy.io
  ✓ Clicked continue
  ✓ Entered OTP: 754864
  ℹ OTP auto-submitted
  ✘  56 [chromium] › tests/e2e/tier-2/03-authenticated-post-creation.spec.ts:21:7 › Create Post (Authenticated) › should create simple text post (13.4s)
[dotenv@17.2.3] injecting env (0) from .env.test -- tip: ⚙️  suppress all logs with { quiet: true }
🔐 Logging in with Privy test account...
  ✓ Clicked login button
  ✓ Entered email: test-7450@privy.io
  ✓ Clicked continue
  ✓ Entered OTP: 754864
  ℹ OTP auto-submitted
  ✘  57 [chromium] › tests/e2e/tier-2/03-authenticated-post-creation.spec.ts:60:7 › Create Post (Authenticated) › should reject empty title (13.3s)
[dotenv@17.2.3] injecting env (0) from .env.test -- tip: 🔑 add access controls to secrets: https://dotenvx.com/ops
🔐 Logging in with Privy test account...
  ✓ Clicked login button
  ✓ Entered email: test-7450@privy.io
  ✓ Clicked continue
  ✓ Entered OTP: 754864
  ℹ OTP auto-submitted
  ✘  58 [chromium] › tests/e2e/tier-2/03-authenticated-post-creation.spec.ts:88:7 › View Posts (Authenticated) › should display feed with posts (13.3s)
[dotenv@17.2.3] injecting env (0) from .env.test -- tip: 👥 sync secrets across teammates & machines: https://dotenvx.com/ops
🔐 Logging in with Privy test account...
  ✓ Clicked login button
  ✓ Entered email: test-7450@privy.io
  ✓ Clicked continue
  ✓ Entered OTP: 754864
  ℹ OTP auto-submitted
  ✘  59 [chromium] › tests/e2e/tier-2/03-authenticated-post-creation.spec.ts:102:7 › View Posts (Authenticated) › should open post detail (13.9s)
[dotenv@17.2.3] injecting env (0) from .env.test -- tip: ⚙️  specify custom .env file path with { path: '/custom/path/.env' }
🔐 Logging in with Privy test account...
  ✓ Clicked login button
  ✓ Entered email: test-7450@privy.io
  ✓ Clicked continue
  ✓ Entered OTP: 754864
  ℹ OTP auto-submitted
  ✘  60 [chromium] › tests/e2e/tier-2/03-authenticated-post-creation.spec.ts:125:7 › Wallet Display (Authenticated) › should display connected wallet address (13.6s)
[dotenv@17.2.3] injecting env (0) from .env.test -- tip: 🗂️ backup and recover secrets: https://dotenvx.com/ops
🔐 Logging in with Privy test account...
  ✓ Clicked login button
  ✓ Entered email: test-7450@privy.io
  ✓ Clicked continue
  ✓ Entered OTP: 754864
  ℹ OTP auto-submitted
  ✘  61 [chromium] › tests/e2e/tier-2/03-authenticated-post-creation.spec.ts:140:7 › Wallet Display (Authenticated) › should display USDC balance (13.4s)
  -  62 [chromium] › tests/e2e/tier-3/01-pool-deployment.spec.ts:11:8 › Pool Deployment - Step 1: Create Empty Pool › should show "No Pool Yet" card for post without pool
  -  63 [chromium] › tests/e2e/tier-3/01-pool-deployment.spec.ts:23:8 › Pool Deployment - Step 1: Create Empty Pool › should require wallet connection to deploy pool
  -  64 [chromium] › tests/e2e/tier-3/01-pool-deployment.spec.ts:39:8 › Pool Deployment - Step 1: Create Empty Pool › should create empty pool successfully
  -  65 [chromium] › tests/e2e/tier-3/01-pool-deployment.spec.ts:62:8 › Pool Deployment - Step 1: Create Empty Pool › should handle transaction rejection
  -  66 [chromium] › tests/e2e/tier-3/01-pool-deployment.spec.ts:82:8 › Pool Deployment - Step 2: Deploy Market › should show liquidity form after pool creation
  -  67 [chromium] › tests/e2e/tier-3/01-pool-deployment.spec.ts:96:8 › Pool Deployment - Step 2: Deploy Market › should set initial deposit amount
  -  68 [chromium] › tests/e2e/tier-3/01-pool-deployment.spec.ts:111:8 › Pool Deployment - Step 2: Deploy Market › should adjust LONG/SHORT allocation with slider
  -  69 [chromium] › tests/e2e/tier-3/01-pool-deployment.spec.ts:127:8 › Pool Deployment - Step 2: Deploy Market › should show summary of allocation
  -  70 [chromium] › tests/e2e/tier-3/01-pool-deployment.spec.ts:144:8 › Pool Deployment - Step 2: Deploy Market › should deploy market successfully
  -  71 [chromium] › tests/e2e/tier-3/01-pool-deployment.spec.ts:170:8 › Pool Deployment - Step 2: Deploy Market › should reject deposit below minimum
  -  72 [chromium] › tests/e2e/tier-3/01-pool-deployment.spec.ts:184:8 › Pool Deployment - Step 2: Deploy Market › should require sufficient USDC balance
  -  73 [chromium] › tests/e2e/tier-3/01-pool-deployment.spec.ts:204:8 › Pool Deployment - Success State › should display pool metrics after deployment
  -  74 [chromium] › tests/e2e/tier-3/01-pool-deployment.spec.ts:218:8 › Pool Deployment - Success State › should enable trading after deployment
  -  75 [chromium] › tests/e2e/tier-3/01-pool-deployment.spec.ts:232:8 › Pool Deployment API › should prepare pool creation transaction
  -  76 [chromium] › tests/e2e/tier-3/01-pool-deployment.spec.ts:251:8 › Pool Deployment API › should prepare market deployment transaction
[dotenv@17.2.3] injecting env (0) from .env.test -- tip: 🔄 add secrets lifecycle management: https://dotenvx.com/ops
🔐 Logging in with Privy test account...
  ✓ Clicked login button
  ✓ Entered email: test-7450@privy.io
  ✓ Clicked continue
  ✓ Entered OTP: 754864
  ℹ OTP auto-submitted
  ✘  77 [chromium] › tests/e2e/tier-3/02-authenticated-pool-deployment.spec.ts:10:7 › Pool Deployment with Test Wallet › should find post without pool (13.7s)
[dotenv@17.2.3] injecting env (0) from .env.test -- tip: ⚙️  load multiple .env files with { path: ['.env.local', '.env'] }
🔐 Logging in with Privy test account...
  ✓ Clicked login button
  ✓ Entered email: test-7450@privy.io
  ✓ Clicked continue
  ✓ Entered OTP: 754864
  ℹ OTP auto-submitted
  ✘  78 [chromium] › tests/e2e/tier-3/02-authenticated-pool-deployment.spec.ts:32:7 › Pool Deployment with Test Wallet › should show create pool button (14.1s)
[dotenv@17.2.3] injecting env (0) from .env.test -- tip: 🔐 prevent building .env in docker: https://dotenvx.com/prebuild
🔐 Logging in with Privy test account...
  ✓ Clicked login button
  ✓ Entered email: test-7450@privy.io
  ✓ Clicked continue
  ✓ Entered OTP: 754864
  ℹ OTP auto-submitted
  ✘  79 [chromium] › tests/e2e/tier-3/02-authenticated-pool-deployment.spec.ts:55:7 › Pool Deployment with Test Wallet › should attempt pool creation (13.9s)
[dotenv@17.2.3] injecting env (0) from .env.test -- tip: 📡 add observability to secrets: https://dotenvx.com/ops
🔐 Logging in with Privy test account...
  ✓ Clicked login button
  ✓ Entered email: test-7450@privy.io
  ✓ Clicked continue
  ✓ Entered OTP: 754864
  ℹ OTP auto-submitted
  ✘  80 [chromium] › tests/e2e/tier-3/02-authenticated-pool-deployment.spec.ts:103:7 › Pool Display › should display pool metrics if pool exists (13.9s)
[dotenv@17.2.3] injecting env (0) from .env.test -- tip: ⚙️  specify custom .env file path with { path: '/custom/path/.env' }
🔐 Logging in with Privy test account...
  ✓ Clicked login button
  ✓ Entered email: test-7450@privy.io
  ✓ Clicked continue
  ✓ Entered OTP: 754864
  ℹ OTP auto-submitted
  ✘  81 [chromium] › tests/e2e/tier-3/02-authenticated-pool-deployment.spec.ts:133:7 › Pool Display › should display swap component if pool deployed (13.9s)
[dotenv@17.2.3] injecting env (0) from .env.test -- tip: 🔑 add access controls to secrets: https://dotenvx.com/ops
🔐 Logging in with Privy test account...
  ✓ Clicked login button
  ✓ Entered email: test-7450@privy.io
  ✓ Clicked continue
  ✓ Entered OTP: 754864
  ℹ OTP auto-submitted
  ✘  82 [chromium] › tests/e2e/tier-3/02-authenticated-pool-deployment.spec.ts:165:7 › Profile View › should view own profile (13.8s)


  1) [chromium] › tests/e2e/tier-1/01-auth.spec.ts:109:7 › Auth Status API › should return unauthenticated status when not logged in 

    Error: [2mexpect([22m[31mreceived[39m[2m).[22mtoBeTruthy[2m()[22m

    Received: [31mfalse[39m

      109 |   test('should return unauthenticated status when not logged in', async ({ request }) => {
      110 |     const response = await request.get('/api/auth/status');
    > 111 |     expect(response.ok()).toBeTruthy();
          |                           ^
      112 |
      113 |     const data = await response.json();
      114 |     expect(data.authenticated).toBe(false);
        at /Users/josh/veritas/veritas-prototype-app/tests/e2e/tier-1/01-auth.spec.ts:111:27

  2) [chromium] › tests/e2e/tier-1/03-navigation.spec.ts:9:7 › Basic Navigation › should load home/feed page 

    Error: [2mexpect([22m[31mpage[39m[2m).[22mtoHaveURL[2m([22m[32mexpected[39m[2m)[22m failed

    Expected: [32m"http://localhost:3000/"[39m
    Received: [31m"http://localhost:3000/[7mfeed[27m"[39m
    Timeout:  5000ms

    Call log:
    [2m  - Expect "toHaveURL" with timeout 5000ms[22m
    [2m    8 × unexpected value "http://localhost:3000/feed"[22m


       9 |   test('should load home/feed page', async ({ page }) => {
      10 |     await page.goto('/');
    > 11 |     await expect(page).toHaveURL('/');
         |                        ^
      12 |   });
      13 |
      14 |   test('should display navigation header', async ({ page }) => {
        at /Users/josh/veritas/veritas-prototype-app/tests/e2e/tier-1/03-navigation.spec.ts:11:24

    attachment #1: screenshot (image/png) ──────────────────────────────────────────────────────────
    test-results/tier-1-03-navigation-Basic-b0292--should-load-home-feed-page-chromium/test-failed-1.png
    ────────────────────────────────────────────────────────────────────────────────────────────────

    attachment #2: video (video/webm) ──────────────────────────────────────────────────────────────
    test-results/tier-1-03-navigation-Basic-b0292--should-load-home-feed-page-chromium/video.webm
    ────────────────────────────────────────────────────────────────────────────────────────────────

    Error Context: test-results/tier-1-03-navigation-Basic-b0292--should-load-home-feed-page-chromium/error-context.md

  3) [chromium] › tests/e2e/tier-1/03-navigation.spec.ts:14:7 › Basic Navigation › should display navigation header 

    Error: [2mexpect([22m[31mlocator[39m[2m).[22mtoBeVisible[2m([22m[2m)[22m failed

    Locator: getByRole('link', { name: /home|feed/i })
    Expected: visible
    Timeout: 5000ms
    Error: element(s) not found

    Call log:
    [2m  - Expect "toBeVisible" with timeout 5000ms[22m
    [2m  - waiting for getByRole('link', { name: /home|feed/i })[22m


      19 |
      20 |     // Navigation links should be visible
    > 21 |     await expect(page.getByRole('link', { name: /home|feed/i })).toBeVisible();
         |                                                                  ^
      22 |   });
      23 |
      24 |   test('should navigate to explore page', async ({ page }) => {
        at /Users/josh/veritas/veritas-prototype-app/tests/e2e/tier-1/03-navigation.spec.ts:21:66

    attachment #1: screenshot (image/png) ──────────────────────────────────────────────────────────
    test-results/tier-1-03-navigation-Basic-b8fcd-d-display-navigation-header-chromium/test-failed-1.png
    ────────────────────────────────────────────────────────────────────────────────────────────────

    attachment #2: video (video/webm) ──────────────────────────────────────────────────────────────
    test-results/tier-1-03-navigation-Basic-b8fcd-d-display-navigation-header-chromium/video.webm
    ────────────────────────────────────────────────────────────────────────────────────────────────

    Error Context: test-results/tier-1-03-navigation-Basic-b8fcd-d-display-navigation-header-chromium/error-context.md

  4) [chromium] › tests/e2e/tier-1/03-navigation.spec.ts:24:7 › Basic Navigation › should navigate to explore page 

    [31mTest timeout of 30000ms exceeded.[39m

    Error: locator.click: Test timeout of 30000ms exceeded.
    Call log:
    [2m  - waiting for getByRole('link', { name: /explore/i })[22m


      27 |     // Click explore link
      28 |     const exploreLink = page.getByRole('link', { name: /explore/i });
    > 29 |     await exploreLink.click();
         |                       ^
      30 |
      31 |     // Should be on explore page
      32 |     await expect(page).toHaveURL(/\/explore/);
        at /Users/josh/veritas/veritas-prototype-app/tests/e2e/tier-1/03-navigation.spec.ts:29:23

    attachment #1: screenshot (image/png) ──────────────────────────────────────────────────────────
    test-results/tier-1-03-navigation-Basic-92329-ld-navigate-to-explore-page-chromium/test-failed-1.png
    ────────────────────────────────────────────────────────────────────────────────────────────────

    attachment #2: video (video/webm) ──────────────────────────────────────────────────────────────
    test-results/tier-1-03-navigation-Basic-92329-ld-navigate-to-explore-page-chromium/video.webm
    ────────────────────────────────────────────────────────────────────────────────────────────────

    Error Context: test-results/tier-1-03-navigation-Basic-92329-ld-navigate-to-explore-page-chromium/error-context.md

  5) [chromium] › tests/e2e/tier-1/03-navigation.spec.ts:47:7 › Basic Navigation › should show sidebar on desktop 

    Error: [2mexpect([22m[31mlocator[39m[2m).[22mtoBeVisible[2m([22m[2m)[22m failed

    Locator: locator('[data-testid="sidebar"], aside, nav')
    Expected: visible
    Timeout: 5000ms
    Error: element(s) not found

    Call log:
    [2m  - Expect "toBeVisible" with timeout 5000ms[22m
    [2m  - waiting for locator('[data-testid="sidebar"], aside, nav')[22m


      51 |     // Sidebar should be visible
      52 |     const sidebar = page.locator('[data-testid="sidebar"], aside, nav');
    > 53 |     await expect(sidebar).toBeVisible();
         |                           ^
      54 |   });
      55 |
      56 |   test('should show mobile nav on small screens', async ({ page }) => {
        at /Users/josh/veritas/veritas-prototype-app/tests/e2e/tier-1/03-navigation.spec.ts:53:27

    attachment #1: screenshot (image/png) ──────────────────────────────────────────────────────────
    test-results/tier-1-03-navigation-Basic-3a4a7-uld-show-sidebar-on-desktop-chromium/test-failed-1.png
    ────────────────────────────────────────────────────────────────────────────────────────────────

    attachment #2: video (video/webm) ──────────────────────────────────────────────────────────────
    test-results/tier-1-03-navigation-Basic-3a4a7-uld-show-sidebar-on-desktop-chromium/video.webm
    ────────────────────────────────────────────────────────────────────────────────────────────────

    Error Context: test-results/tier-1-03-navigation-Basic-3a4a7-uld-show-sidebar-on-desktop-chromium/error-context.md

  6) [chromium] › tests/e2e/tier-1/03-navigation.spec.ts:56:7 › Basic Navigation › should show mobile nav on small screens 

    Error: [2mexpect([22m[31mlocator[39m[2m).[22mtoBeVisible[2m([22m[2m)[22m failed

    Locator: locator('[data-testid="mobile-nav"], .mobile-nav')
    Expected: visible
    Timeout: 5000ms
    Error: element(s) not found

    Call log:
    [2m  - Expect "toBeVisible" with timeout 5000ms[22m
    [2m  - waiting for locator('[data-testid="mobile-nav"], .mobile-nav')[22m


      60 |     // Mobile nav should be visible
      61 |     const mobileNav = page.locator('[data-testid="mobile-nav"], .mobile-nav');
    > 62 |     await expect(mobileNav).toBeVisible();
         |                             ^
      63 |   });
      64 |
      65 |   test('should toggle mobile menu', async ({ page }) => {
        at /Users/josh/veritas/veritas-prototype-app/tests/e2e/tier-1/03-navigation.spec.ts:62:29

    attachment #1: screenshot (image/png) ──────────────────────────────────────────────────────────
    test-results/tier-1-03-navigation-Basic-a8960-mobile-nav-on-small-screens-chromium/test-failed-1.png
    ────────────────────────────────────────────────────────────────────────────────────────────────

    attachment #2: video (video/webm) ──────────────────────────────────────────────────────────────
    test-results/tier-1-03-navigation-Basic-a8960-mobile-nav-on-small-screens-chromium/video.webm
    ────────────────────────────────────────────────────────────────────────────────────────────────

    Error Context: test-results/tier-1-03-navigation-Basic-a8960-mobile-nav-on-small-screens-chromium/error-context.md

  7) [chromium] › tests/e2e/tier-1/04-basic-ui.spec.ts:9:7 › Homepage UI › should load and display Veritas branding 

    Error: [2mexpect([22m[31mreceived[39m[2m).[22mtoBeTruthy[2m()[22m

    Received: [31mfalse[39m

      17 |     const headingVisible = await heading.isVisible({ timeout: 5000 }).catch(() => false);
      18 |
    > 19 |     expect(logoVisible || headingVisible).toBeTruthy();
         |                                           ^
      20 |   });
      21 |
      22 |   test('should display connect/login button', async ({ page }) => {
        at /Users/josh/veritas/veritas-prototype-app/tests/e2e/tier-1/04-basic-ui.spec.ts:19:43

    attachment #1: screenshot (image/png) ──────────────────────────────────────────────────────────
    test-results/tier-1-04-basic-ui-Homepag-1cc89-nd-display-Veritas-branding-chromium/test-failed-1.png
    ────────────────────────────────────────────────────────────────────────────────────────────────

    attachment #2: video (video/webm) ──────────────────────────────────────────────────────────────
    test-results/tier-1-04-basic-ui-Homepag-1cc89-nd-display-Veritas-branding-chromium/video.webm
    ────────────────────────────────────────────────────────────────────────────────────────────────

    Error Context: test-results/tier-1-04-basic-ui-Homepag-1cc89-nd-display-Veritas-branding-chromium/error-context.md

  8) [chromium] › tests/e2e/tier-1/04-basic-ui.spec.ts:29:7 › Homepage UI › should have feed or posts section 

    Error: [2mexpect([22m[31mreceived[39m[2m).[22mtoBeTruthy[2m()[22m

    Received: [31mfalse[39m

      35 |     // Check if feed area exists
      36 |     const feedExists = await page.locator('main, [data-testid="feed"], .feed').isVisible().catch(() => false);
    > 37 |     expect(feedExists).toBeTruthy();
         |                        ^
      38 |   });
      39 | });
      40 |
        at /Users/josh/veritas/veritas-prototype-app/tests/e2e/tier-1/04-basic-ui.spec.ts:37:24

    attachment #1: screenshot (image/png) ──────────────────────────────────────────────────────────
    test-results/tier-1-04-basic-ui-Homepag-b5aa8--have-feed-or-posts-section-chromium/test-failed-1.png
    ────────────────────────────────────────────────────────────────────────────────────────────────

    attachment #2: video (video/webm) ──────────────────────────────────────────────────────────────
    test-results/tier-1-04-basic-ui-Homepag-b5aa8--have-feed-or-posts-section-chromium/video.webm
    ────────────────────────────────────────────────────────────────────────────────────────────────

    Error Context: test-results/tier-1-04-basic-ui-Homepag-b5aa8--have-feed-or-posts-section-chromium/error-context.md

  9) [chromium] › tests/e2e/tier-1/04-basic-ui.spec.ts:42:7 › Navigation Elements › should have navigation menu 

    Error: [2mexpect([22m[31mreceived[39m[2m).[22mtoBeTruthy[2m()[22m

    Received: [31mfalse[39m

      47 |     const navVisible = await nav.isVisible({ timeout: 5000 }).catch(() => false);
      48 |
    > 49 |     expect(navVisible).toBeTruthy();
         |                        ^
      50 |   });
      51 |
      52 |   test('should have mobile navigation on small screens', async ({ page }) => {
        at /Users/josh/veritas/veritas-prototype-app/tests/e2e/tier-1/04-basic-ui.spec.ts:49:24

    attachment #1: screenshot (image/png) ──────────────────────────────────────────────────────────
    test-results/tier-1-04-basic-ui-Navigat-a6ad4-should-have-navigation-menu-chromium/test-failed-1.png
    ────────────────────────────────────────────────────────────────────────────────────────────────

    attachment #2: video (video/webm) ──────────────────────────────────────────────────────────────
    test-results/tier-1-04-basic-ui-Navigat-a6ad4-should-have-navigation-menu-chromium/video.webm
    ────────────────────────────────────────────────────────────────────────────────────────────────

    Error Context: test-results/tier-1-04-basic-ui-Navigat-a6ad4-should-have-navigation-menu-chromium/error-context.md

  10) [chromium] › tests/e2e/tier-1/04-basic-ui.spec.ts:52:7 › Navigation Elements › should have mobile navigation on small screens 

    Error: [2mexpect([22m[31mreceived[39m[2m).[22mtoBeTruthy[2m()[22m

    Received: [31mfalse[39m

      58 |     const visible = await mobileNav.isVisible({ timeout: 5000 }).catch(() => false);
      59 |
    > 60 |     expect(visible).toBeTruthy();
         |                     ^
      61 |   });
      62 | });
      63 |
        at /Users/josh/veritas/veritas-prototype-app/tests/e2e/tier-1/04-basic-ui.spec.ts:60:21

    attachment #1: screenshot (image/png) ──────────────────────────────────────────────────────────
    test-results/tier-1-04-basic-ui-Navigat-c4ca0-navigation-on-small-screens-chromium/test-failed-1.png
    ────────────────────────────────────────────────────────────────────────────────────────────────

    attachment #2: video (video/webm) ──────────────────────────────────────────────────────────────
    test-results/tier-1-04-basic-ui-Navigat-c4ca0-navigation-on-small-screens-chromium/video.webm
    ────────────────────────────────────────────────────────────────────────────────────────────────

    Error Context: test-results/tier-1-04-basic-ui-Navigat-c4ca0-navigation-on-small-screens-chromium/error-context.md

  11) [chromium] › tests/e2e/tier-2/02-feed-viewing.spec.ts:9:7 › Feed Display › should load feed page 

    Error: [2mexpect([22m[31mpage[39m[2m).[22mtoHaveURL[2m([22m[32mexpected[39m[2m)[22m failed

    Expected: [32m"http://localhost:3000/"[39m
    Received: [31m"http://localhost:3000/[7mfeed[27m"[39m
    Timeout:  5000ms

    Call log:
    [2m  - Expect "toHaveURL" with timeout 5000ms[22m
    [2m    9 × unexpected value "http://localhost:3000/feed"[22m


       9 |   test('should load feed page', async ({ page }) => {
      10 |     await page.goto('/');
    > 11 |     await expect(page).toHaveURL('/');
         |                        ^
      12 |   });
      13 |
      14 |   test.skip('should display posts in feed', async ({ page }) => {
        at /Users/josh/veritas/veritas-prototype-app/tests/e2e/tier-2/02-feed-viewing.spec.ts:11:24

    attachment #1: screenshot (image/png) ──────────────────────────────────────────────────────────
    test-results/tier-2-02-feed-viewing-Feed-Display-should-load-feed-page-chromium/test-failed-1.png
    ────────────────────────────────────────────────────────────────────────────────────────────────

    attachment #2: video (video/webm) ──────────────────────────────────────────────────────────────
    test-results/tier-2-02-feed-viewing-Feed-Display-should-load-feed-page-chromium/video.webm
    ────────────────────────────────────────────────────────────────────────────────────────────────

    Error Context: test-results/tier-2-02-feed-viewing-Feed-Display-should-load-feed-page-chromium/error-context.md

  12) [chromium] › tests/e2e/tier-2/03-authenticated-post-creation.spec.ts:10:7 › Create Post (Authenticated) › should open create post modal 

    Error: locator.isVisible: Error: strict mode violation: getByText(/complete.*profile|create.*profile|set up.*profile/i) resolved to 2 elements:
        1) <h3 class="text-white text-lg font-medium mb-6">Complete Your Profile</h3> aka getByRole('heading', { name: 'Complete Your Profile' })
        2) <button disabled type="submit" class="w-full bg-[#B9D9EB] hover:bg-[#0C1D51] text-[#0C1D51] hover:text-[#B9D9EB] border border-[#0C1D51] hover:border-[#B9D9EB] font-medium py-3 px-6 rounded-lg font-mono disabled:opacity-50 disabled:cursor-not-allowed transition-all duration-300 ease-in-out">COMPLETE PROFILE</button> aka getByRole('button', { name: 'COMPLETE PROFILE' })

    Call log:
    [2m    - checking visibility of getByText(/complete.*profile|create.*profile|set up.*profile/i)[22m


       at helpers/privy-test-auth.ts:78

      76 |     // Check for onboarding/profile creation
      77 |     const onboardingHeading = page.getByText(/complete.*profile|create.*profile|set up.*profile/i);
    > 78 |     if (await onboardingHeading.isVisible({ timeout: 3000 })) {
         |                                 ^
      79 |       console.log('  ⚠️ Onboarding required - creating test profile');
      80 |
      81 |       // Generate unique username
        at loginWithPrivyTestAccount (/Users/josh/veritas/veritas-prototype-app/tests/e2e/helpers/privy-test-auth.ts:78:33)
        at Object.authenticatedPage (/Users/josh/veritas/veritas-prototype-app/tests/e2e/fixtures/auth-setup.ts:29:7)

    attachment #1: screenshot (image/png) ──────────────────────────────────────────────────────────
    test-results/tier-2-03-authenticated-po-2cf55-ould-open-create-post-modal-chromium/test-failed-1.png
    ────────────────────────────────────────────────────────────────────────────────────────────────

    attachment #2: video (video/webm) ──────────────────────────────────────────────────────────────
    test-results/tier-2-03-authenticated-po-2cf55-ould-open-create-post-modal-chromium/video.webm
    ────────────────────────────────────────────────────────────────────────────────────────────────

    Error Context: test-results/tier-2-03-authenticated-po-2cf55-ould-open-create-post-modal-chromium/error-context.md

  13) [chromium] › tests/e2e/tier-2/03-authenticated-post-creation.spec.ts:21:7 › Create Post (Authenticated) › should create simple text post 

    Error: locator.isVisible: Error: strict mode violation: getByText(/complete.*profile|create.*profile|set up.*profile/i) resolved to 2 elements:
        1) <h3 class="text-white text-lg font-medium mb-6">Complete Your Profile</h3> aka getByRole('heading', { name: 'Complete Your Profile' })
        2) <button disabled type="submit" class="w-full bg-[#B9D9EB] hover:bg-[#0C1D51] text-[#0C1D51] hover:text-[#B9D9EB] border border-[#0C1D51] hover:border-[#B9D9EB] font-medium py-3 px-6 rounded-lg font-mono disabled:opacity-50 disabled:cursor-not-allowed transition-all duration-300 ease-in-out">COMPLETE PROFILE</button> aka getByRole('button', { name: 'COMPLETE PROFILE' })

    Call log:
    [2m    - checking visibility of getByText(/complete.*profile|create.*profile|set up.*profile/i)[22m


       at helpers/privy-test-auth.ts:78

      76 |     // Check for onboarding/profile creation
      77 |     const onboardingHeading = page.getByText(/complete.*profile|create.*profile|set up.*profile/i);
    > 78 |     if (await onboardingHeading.isVisible({ timeout: 3000 })) {
         |                                 ^
      79 |       console.log('  ⚠️ Onboarding required - creating test profile');
      80 |
      81 |       // Generate unique username
        at loginWithPrivyTestAccount (/Users/josh/veritas/veritas-prototype-app/tests/e2e/helpers/privy-test-auth.ts:78:33)
        at Object.authenticatedPage (/Users/josh/veritas/veritas-prototype-app/tests/e2e/fixtures/auth-setup.ts:29:7)

    attachment #1: screenshot (image/png) ──────────────────────────────────────────────────────────
    test-results/tier-2-03-authenticated-po-21748-uld-create-simple-text-post-chromium/test-failed-1.png
    ────────────────────────────────────────────────────────────────────────────────────────────────

    attachment #2: video (video/webm) ──────────────────────────────────────────────────────────────
    test-results/tier-2-03-authenticated-po-21748-uld-create-simple-text-post-chromium/video.webm
    ────────────────────────────────────────────────────────────────────────────────────────────────

    Error Context: test-results/tier-2-03-authenticated-po-21748-uld-create-simple-text-post-chromium/error-context.md

  14) [chromium] › tests/e2e/tier-2/03-authenticated-post-creation.spec.ts:60:7 › Create Post (Authenticated) › should reject empty title 

    Error: locator.isVisible: Error: strict mode violation: getByText(/complete.*profile|create.*profile|set up.*profile/i) resolved to 2 elements:
        1) <h3 class="text-white text-lg font-medium mb-6">Complete Your Profile</h3> aka getByRole('heading', { name: 'Complete Your Profile' })
        2) <button disabled type="submit" class="w-full bg-[#B9D9EB] hover:bg-[#0C1D51] text-[#0C1D51] hover:text-[#B9D9EB] border border-[#0C1D51] hover:border-[#B9D9EB] font-medium py-3 px-6 rounded-lg font-mono disabled:opacity-50 disabled:cursor-not-allowed transition-all duration-300 ease-in-out">COMPLETE PROFILE</button> aka getByRole('button', { name: 'COMPLETE PROFILE' })

    Call log:
    [2m    - checking visibility of getByText(/complete.*profile|create.*profile|set up.*profile/i)[22m


       at helpers/privy-test-auth.ts:78

      76 |     // Check for onboarding/profile creation
      77 |     const onboardingHeading = page.getByText(/complete.*profile|create.*profile|set up.*profile/i);
    > 78 |     if (await onboardingHeading.isVisible({ timeout: 3000 })) {
         |                                 ^
      79 |       console.log('  ⚠️ Onboarding required - creating test profile');
      80 |
      81 |       // Generate unique username
        at loginWithPrivyTestAccount (/Users/josh/veritas/veritas-prototype-app/tests/e2e/helpers/privy-test-auth.ts:78:33)
        at Object.authenticatedPage (/Users/josh/veritas/veritas-prototype-app/tests/e2e/fixtures/auth-setup.ts:29:7)

    attachment #1: screenshot (image/png) ──────────────────────────────────────────────────────────
    test-results/tier-2-03-authenticated-po-81379-d-should-reject-empty-title-chromium/test-failed-1.png
    ────────────────────────────────────────────────────────────────────────────────────────────────

    attachment #2: video (video/webm) ──────────────────────────────────────────────────────────────
    test-results/tier-2-03-authenticated-po-81379-d-should-reject-empty-title-chromium/video.webm
    ────────────────────────────────────────────────────────────────────────────────────────────────

    Error Context: test-results/tier-2-03-authenticated-po-81379-d-should-reject-empty-title-chromium/error-context.md

  15) [chromium] › tests/e2e/tier-2/03-authenticated-post-creation.spec.ts:88:7 › View Posts (Authenticated) › should display feed with posts 

    Error: locator.isVisible: Error: strict mode violation: getByText(/complete.*profile|create.*profile|set up.*profile/i) resolved to 2 elements:
        1) <h3 class="text-white text-lg font-medium mb-6">Complete Your Profile</h3> aka getByRole('heading', { name: 'Complete Your Profile' })
        2) <button disabled type="submit" class="w-full bg-[#B9D9EB] hover:bg-[#0C1D51] text-[#0C1D51] hover:text-[#B9D9EB] border border-[#0C1D51] hover:border-[#B9D9EB] font-medium py-3 px-6 rounded-lg font-mono disabled:opacity-50 disabled:cursor-not-allowed transition-all duration-300 ease-in-out">COMPLETE PROFILE</button> aka getByRole('button', { name: 'COMPLETE PROFILE' })

    Call log:
    [2m    - checking visibility of getByText(/complete.*profile|create.*profile|set up.*profile/i)[22m


       at helpers/privy-test-auth.ts:78

      76 |     // Check for onboarding/profile creation
      77 |     const onboardingHeading = page.getByText(/complete.*profile|create.*profile|set up.*profile/i);
    > 78 |     if (await onboardingHeading.isVisible({ timeout: 3000 })) {
         |                                 ^
      79 |       console.log('  ⚠️ Onboarding required - creating test profile');
      80 |
      81 |       // Generate unique username
        at loginWithPrivyTestAccount (/Users/josh/veritas/veritas-prototype-app/tests/e2e/helpers/privy-test-auth.ts:78:33)
        at Object.authenticatedPage (/Users/josh/veritas/veritas-prototype-app/tests/e2e/fixtures/auth-setup.ts:29:7)

    attachment #1: screenshot (image/png) ──────────────────────────────────────────────────────────
    test-results/tier-2-03-authenticated-po-51830-uld-display-feed-with-posts-chromium/test-failed-1.png
    ────────────────────────────────────────────────────────────────────────────────────────────────

    attachment #2: video (video/webm) ──────────────────────────────────────────────────────────────
    test-results/tier-2-03-authenticated-po-51830-uld-display-feed-with-posts-chromium/video.webm
    ────────────────────────────────────────────────────────────────────────────────────────────────

    Error Context: test-results/tier-2-03-authenticated-po-51830-uld-display-feed-with-posts-chromium/error-context.md

  16) [chromium] › tests/e2e/tier-2/03-authenticated-post-creation.spec.ts:102:7 › View Posts (Authenticated) › should open post detail 

    Error: locator.isVisible: Error: strict mode violation: getByText(/complete.*profile|create.*profile|set up.*profile/i) resolved to 2 elements:
        1) <h3 class="text-white text-lg font-medium mb-6">Complete Your Profile</h3> aka getByRole('heading', { name: 'Complete Your Profile' })
        2) <button disabled type="submit" class="w-full bg-[#B9D9EB] hover:bg-[#0C1D51] text-[#0C1D51] hover:text-[#B9D9EB] border border-[#0C1D51] hover:border-[#B9D9EB] font-medium py-3 px-6 rounded-lg font-mono disabled:opacity-50 disabled:cursor-not-allowed transition-all duration-300 ease-in-out">COMPLETE PROFILE</button> aka getByRole('button', { name: 'COMPLETE PROFILE' })

    Call log:
    [2m    - checking visibility of getByText(/complete.*profile|create.*profile|set up.*profile/i)[22m


       at helpers/privy-test-auth.ts:78

      76 |     // Check for onboarding/profile creation
      77 |     const onboardingHeading = page.getByText(/complete.*profile|create.*profile|set up.*profile/i);
    > 78 |     if (await onboardingHeading.isVisible({ timeout: 3000 })) {
         |                                 ^
      79 |       console.log('  ⚠️ Onboarding required - creating test profile');
      80 |
      81 |       // Generate unique username
        at loginWithPrivyTestAccount (/Users/josh/veritas/veritas-prototype-app/tests/e2e/helpers/privy-test-auth.ts:78:33)
        at Object.authenticatedPage (/Users/josh/veritas/veritas-prototype-app/tests/e2e/fixtures/auth-setup.ts:29:7)

    attachment #1: screenshot (image/png) ──────────────────────────────────────────────────────────
    test-results/tier-2-03-authenticated-po-5c286-ted-should-open-post-detail-chromium/test-failed-1.png
    ────────────────────────────────────────────────────────────────────────────────────────────────

    attachment #2: video (video/webm) ──────────────────────────────────────────────────────────────
    test-results/tier-2-03-authenticated-po-5c286-ted-should-open-post-detail-chromium/video.webm
    ────────────────────────────────────────────────────────────────────────────────────────────────

    Error Context: test-results/tier-2-03-authenticated-po-5c286-ted-should-open-post-detail-chromium/error-context.md

  17) [chromium] › tests/e2e/tier-2/03-authenticated-post-creation.spec.ts:125:7 › Wallet Display (Authenticated) › should display connected wallet address 

    Error: locator.isVisible: Error: strict mode violation: getByText(/complete.*profile|create.*profile|set up.*profile/i) resolved to 2 elements:
        1) <h3 class="text-white text-lg font-medium mb-6">Complete Your Profile</h3> aka getByRole('heading', { name: 'Complete Your Profile' })
        2) <button disabled type="submit" class="w-full bg-[#B9D9EB] hover:bg-[#0C1D51] text-[#0C1D51] hover:text-[#B9D9EB] border border-[#0C1D51] hover:border-[#B9D9EB] font-medium py-3 px-6 rounded-lg font-mono disabled:opacity-50 disabled:cursor-not-allowed transition-all duration-300 ease-in-out">COMPLETE PROFILE</button> aka getByRole('button', { name: 'COMPLETE PROFILE' })

    Call log:
    [2m    - checking visibility of getByText(/complete.*profile|create.*profile|set up.*profile/i)[22m


       at helpers/privy-test-auth.ts:78

      76 |     // Check for onboarding/profile creation
      77 |     const onboardingHeading = page.getByText(/complete.*profile|create.*profile|set up.*profile/i);
    > 78 |     if (await onboardingHeading.isVisible({ timeout: 3000 })) {
         |                                 ^
      79 |       console.log('  ⚠️ Onboarding required - creating test profile');
      80 |
      81 |       // Generate unique username
        at loginWithPrivyTestAccount (/Users/josh/veritas/veritas-prototype-app/tests/e2e/helpers/privy-test-auth.ts:78:33)
        at Object.authenticatedPage (/Users/josh/veritas/veritas-prototype-app/tests/e2e/fixtures/auth-setup.ts:29:7)

    attachment #1: screenshot (image/png) ──────────────────────────────────────────────────────────
    test-results/tier-2-03-authenticated-po-d5302-ay-connected-wallet-address-chromium/test-failed-1.png
    ────────────────────────────────────────────────────────────────────────────────────────────────

    attachment #2: video (video/webm) ──────────────────────────────────────────────────────────────
    test-results/tier-2-03-authenticated-po-d5302-ay-connected-wallet-address-chromium/video.webm
    ────────────────────────────────────────────────────────────────────────────────────────────────

    Error Context: test-results/tier-2-03-authenticated-po-d5302-ay-connected-wallet-address-chromium/error-context.md

  18) [chromium] › tests/e2e/tier-2/03-authenticated-post-creation.spec.ts:140:7 › Wallet Display (Authenticated) › should display USDC balance 

    Error: locator.isVisible: Error: strict mode violation: getByText(/complete.*profile|create.*profile|set up.*profile/i) resolved to 2 elements:
        1) <h3 class="text-white text-lg font-medium mb-6">Complete Your Profile</h3> aka getByRole('heading', { name: 'Complete Your Profile' })
        2) <button disabled type="submit" class="w-full bg-[#B9D9EB] hover:bg-[#0C1D51] text-[#0C1D51] hover:text-[#B9D9EB] border border-[#0C1D51] hover:border-[#B9D9EB] font-medium py-3 px-6 rounded-lg font-mono disabled:opacity-50 disabled:cursor-not-allowed transition-all duration-300 ease-in-out">COMPLETE PROFILE</button> aka getByRole('button', { name: 'COMPLETE PROFILE' })

    Call log:
    [2m    - checking visibility of getByText(/complete.*profile|create.*profile|set up.*profile/i)[22m


       at helpers/privy-test-auth.ts:78

      76 |     // Check for onboarding/profile creation
      77 |     const onboardingHeading = page.getByText(/complete.*profile|create.*profile|set up.*profile/i);
    > 78 |     if (await onboardingHeading.isVisible({ timeout: 3000 })) {
         |                                 ^
      79 |       console.log('  ⚠️ Onboarding required - creating test profile');
      80 |
      81 |       // Generate unique username
        at loginWithPrivyTestAccount (/Users/josh/veritas/veritas-prototype-app/tests/e2e/helpers/privy-test-auth.ts:78:33)
        at Object.authenticatedPage (/Users/josh/veritas/veritas-prototype-app/tests/e2e/fixtures/auth-setup.ts:29:7)

    attachment #1: screenshot (image/png) ──────────────────────────────────────────────────────────
    test-results/tier-2-03-authenticated-po-faa6f-should-display-USDC-balance-chromium/test-failed-1.png
    ────────────────────────────────────────────────────────────────────────────────────────────────

    attachment #2: video (video/webm) ──────────────────────────────────────────────────────────────
    test-results/tier-2-03-authenticated-po-faa6f-should-display-USDC-balance-chromium/video.webm
    ────────────────────────────────────────────────────────────────────────────────────────────────

    Error Context: test-results/tier-2-03-authenticated-po-faa6f-should-display-USDC-balance-chromium/error-context.md

  19) [chromium] › tests/e2e/tier-3/02-authenticated-pool-deployment.spec.ts:10:7 › Pool Deployment with Test Wallet › should find post without pool 

    Error: locator.isVisible: Error: strict mode violation: getByText(/complete.*profile|create.*profile|set up.*profile/i) resolved to 2 elements:
        1) <h3 class="text-white text-lg font-medium mb-6">Complete Your Profile</h3> aka getByRole('heading', { name: 'Complete Your Profile' })
        2) <button disabled type="submit" class="w-full bg-[#B9D9EB] hover:bg-[#0C1D51] text-[#0C1D51] hover:text-[#B9D9EB] border border-[#0C1D51] hover:border-[#B9D9EB] font-medium py-3 px-6 rounded-lg font-mono disabled:opacity-50 disabled:cursor-not-allowed transition-all duration-300 ease-in-out">COMPLETE PROFILE</button> aka getByRole('button', { name: 'COMPLETE PROFILE' })

    Call log:
    [2m    - checking visibility of getByText(/complete.*profile|create.*profile|set up.*profile/i)[22m


       at helpers/privy-test-auth.ts:78

      76 |     // Check for onboarding/profile creation
      77 |     const onboardingHeading = page.getByText(/complete.*profile|create.*profile|set up.*profile/i);
    > 78 |     if (await onboardingHeading.isVisible({ timeout: 3000 })) {
         |                                 ^
      79 |       console.log('  ⚠️ Onboarding required - creating test profile');
      80 |
      81 |       // Generate unique username
        at loginWithPrivyTestAccount (/Users/josh/veritas/veritas-prototype-app/tests/e2e/helpers/privy-test-auth.ts:78:33)
        at Object.authenticatedPage (/Users/josh/veritas/veritas-prototype-app/tests/e2e/fixtures/auth-setup.ts:29:7)

    attachment #1: screenshot (image/png) ──────────────────────────────────────────────────────────
    test-results/tier-3-02-authenticated-po-8b99f-ould-find-post-without-pool-chromium/test-failed-1.png
    ────────────────────────────────────────────────────────────────────────────────────────────────

    attachment #2: video (video/webm) ──────────────────────────────────────────────────────────────
    test-results/tier-3-02-authenticated-po-8b99f-ould-find-post-without-pool-chromium/video.webm
    ────────────────────────────────────────────────────────────────────────────────────────────────

    Error Context: test-results/tier-3-02-authenticated-po-8b99f-ould-find-post-without-pool-chromium/error-context.md

  20) [chromium] › tests/e2e/tier-3/02-authenticated-pool-deployment.spec.ts:32:7 › Pool Deployment with Test Wallet › should show create pool button 

    Error: locator.isVisible: Error: strict mode violation: getByText(/complete.*profile|create.*profile|set up.*profile/i) resolved to 2 elements:
        1) <h3 class="text-white text-lg font-medium mb-6">Complete Your Profile</h3> aka getByRole('heading', { name: 'Complete Your Profile' })
        2) <button disabled type="submit" class="w-full bg-[#B9D9EB] hover:bg-[#0C1D51] text-[#0C1D51] hover:text-[#B9D9EB] border border-[#0C1D51] hover:border-[#B9D9EB] font-medium py-3 px-6 rounded-lg font-mono disabled:opacity-50 disabled:cursor-not-allowed transition-all duration-300 ease-in-out">COMPLETE PROFILE</button> aka getByRole('button', { name: 'COMPLETE PROFILE' })

    Call log:
    [2m    - checking visibility of getByText(/complete.*profile|create.*profile|set up.*profile/i)[22m


       at helpers/privy-test-auth.ts:78

      76 |     // Check for onboarding/profile creation
      77 |     const onboardingHeading = page.getByText(/complete.*profile|create.*profile|set up.*profile/i);
    > 78 |     if (await onboardingHeading.isVisible({ timeout: 3000 })) {
         |                                 ^
      79 |       console.log('  ⚠️ Onboarding required - creating test profile');
      80 |
      81 |       // Generate unique username
        at loginWithPrivyTestAccount (/Users/josh/veritas/veritas-prototype-app/tests/e2e/helpers/privy-test-auth.ts:78:33)
        at Object.authenticatedPage (/Users/josh/veritas/veritas-prototype-app/tests/e2e/fixtures/auth-setup.ts:29:7)

    attachment #1: screenshot (image/png) ──────────────────────────────────────────────────────────
    test-results/tier-3-02-authenticated-po-001f1-uld-show-create-pool-button-chromium/test-failed-1.png
    ────────────────────────────────────────────────────────────────────────────────────────────────

    attachment #2: video (video/webm) ──────────────────────────────────────────────────────────────
    test-results/tier-3-02-authenticated-po-001f1-uld-show-create-pool-button-chromium/video.webm
    ────────────────────────────────────────────────────────────────────────────────────────────────

    Error Context: test-results/tier-3-02-authenticated-po-001f1-uld-show-create-pool-button-chromium/error-context.md

  21) [chromium] › tests/e2e/tier-3/02-authenticated-pool-deployment.spec.ts:55:7 › Pool Deployment with Test Wallet › should attempt pool creation 

    Error: locator.isVisible: Error: strict mode violation: getByText(/complete.*profile|create.*profile|set up.*profile/i) resolved to 2 elements:
        1) <h3 class="text-white text-lg font-medium mb-6">Complete Your Profile</h3> aka getByRole('heading', { name: 'Complete Your Profile' })
        2) <button disabled type="submit" class="w-full bg-[#B9D9EB] hover:bg-[#0C1D51] text-[#0C1D51] hover:text-[#B9D9EB] border border-[#0C1D51] hover:border-[#B9D9EB] font-medium py-3 px-6 rounded-lg font-mono disabled:opacity-50 disabled:cursor-not-allowed transition-all duration-300 ease-in-out">COMPLETE PROFILE</button> aka getByRole('button', { name: 'COMPLETE PROFILE' })

    Call log:
    [2m    - checking visibility of getByText(/complete.*profile|create.*profile|set up.*profile/i)[22m


       at helpers/privy-test-auth.ts:78

      76 |     // Check for onboarding/profile creation
      77 |     const onboardingHeading = page.getByText(/complete.*profile|create.*profile|set up.*profile/i);
    > 78 |     if (await onboardingHeading.isVisible({ timeout: 3000 })) {
         |                                 ^
      79 |       console.log('  ⚠️ Onboarding required - creating test profile');
      80 |
      81 |       // Generate unique username
        at loginWithPrivyTestAccount (/Users/josh/veritas/veritas-prototype-app/tests/e2e/helpers/privy-test-auth.ts:78:33)
        at Object.authenticatedPage (/Users/josh/veritas/veritas-prototype-app/tests/e2e/fixtures/auth-setup.ts:29:7)

    attachment #1: screenshot (image/png) ──────────────────────────────────────────────────────────
    test-results/tier-3-02-authenticated-po-6cff4-hould-attempt-pool-creation-chromium/test-failed-1.png
    ────────────────────────────────────────────────────────────────────────────────────────────────

    attachment #2: video (video/webm) ──────────────────────────────────────────────────────────────
    test-results/tier-3-02-authenticated-po-6cff4-hould-attempt-pool-creation-chromium/video.webm
    ────────────────────────────────────────────────────────────────────────────────────────────────

    Error Context: test-results/tier-3-02-authenticated-po-6cff4-hould-attempt-pool-creation-chromium/error-context.md

  22) [chromium] › tests/e2e/tier-3/02-authenticated-pool-deployment.spec.ts:103:7 › Pool Display › should display pool metrics if pool exists 

    Error: locator.isVisible: Error: strict mode violation: getByText(/complete.*profile|create.*profile|set up.*profile/i) resolved to 2 elements:
        1) <h3 class="text-white text-lg font-medium mb-6">Complete Your Profile</h3> aka getByRole('heading', { name: 'Complete Your Profile' })
        2) <button disabled type="submit" class="w-full bg-[#B9D9EB] hover:bg-[#0C1D51] text-[#0C1D51] hover:text-[#B9D9EB] border border-[#0C1D51] hover:border-[#B9D9EB] font-medium py-3 px-6 rounded-lg font-mono disabled:opacity-50 disabled:cursor-not-allowed transition-all duration-300 ease-in-out">COMPLETE PROFILE</button> aka getByRole('button', { name: 'COMPLETE PROFILE' })

    Call log:
    [2m    - checking visibility of getByText(/complete.*profile|create.*profile|set up.*profile/i)[22m


       at helpers/privy-test-auth.ts:78

      76 |     // Check for onboarding/profile creation
      77 |     const onboardingHeading = page.getByText(/complete.*profile|create.*profile|set up.*profile/i);
    > 78 |     if (await onboardingHeading.isVisible({ timeout: 3000 })) {
         |                                 ^
      79 |       console.log('  ⚠️ Onboarding required - creating test profile');
      80 |
      81 |       // Generate unique username
        at loginWithPrivyTestAccount (/Users/josh/veritas/veritas-prototype-app/tests/e2e/helpers/privy-test-auth.ts:78:33)
        at Object.authenticatedPage (/Users/josh/veritas/veritas-prototype-app/tests/e2e/fixtures/auth-setup.ts:29:7)

    attachment #1: screenshot (image/png) ──────────────────────────────────────────────────────────
    test-results/tier-3-02-authenticated-po-81746-pool-metrics-if-pool-exists-chromium/test-failed-1.png
    ────────────────────────────────────────────────────────────────────────────────────────────────

    attachment #2: video (video/webm) ──────────────────────────────────────────────────────────────
    test-results/tier-3-02-authenticated-po-81746-pool-metrics-if-pool-exists-chromium/video.webm
    ────────────────────────────────────────────────────────────────────────────────────────────────

    Error Context: test-results/tier-3-02-authenticated-po-81746-pool-metrics-if-pool-exists-chromium/error-context.md

  23) [chromium] › tests/e2e/tier-3/02-authenticated-pool-deployment.spec.ts:133:7 › Pool Display › should display swap component if pool deployed 

    Error: locator.isVisible: Error: strict mode violation: getByText(/complete.*profile|create.*profile|set up.*profile/i) resolved to 2 elements:
        1) <h3 class="text-white text-lg font-medium mb-6">Complete Your Profile</h3> aka getByRole('heading', { name: 'Complete Your Profile' })
        2) <button disabled type="submit" class="w-full bg-[#B9D9EB] hover:bg-[#0C1D51] text-[#0C1D51] hover:text-[#B9D9EB] border border-[#0C1D51] hover:border-[#B9D9EB] font-medium py-3 px-6 rounded-lg font-mono disabled:opacity-50 disabled:cursor-not-allowed transition-all duration-300 ease-in-out">COMPLETE PROFILE</button> aka getByRole('button', { name: 'COMPLETE PROFILE' })

    Call log:
    [2m    - checking visibility of getByText(/complete.*profile|create.*profile|set up.*profile/i)[22m


       at helpers/privy-test-auth.ts:78

      76 |     // Check for onboarding/profile creation
      77 |     const onboardingHeading = page.getByText(/complete.*profile|create.*profile|set up.*profile/i);
    > 78 |     if (await onboardingHeading.isVisible({ timeout: 3000 })) {
         |                                 ^
      79 |       console.log('  ⚠️ Onboarding required - creating test profile');
      80 |
      81 |       // Generate unique username
        at loginWithPrivyTestAccount (/Users/josh/veritas/veritas-prototype-app/tests/e2e/helpers/privy-test-auth.ts:78:33)
        at Object.authenticatedPage (/Users/josh/veritas/veritas-prototype-app/tests/e2e/fixtures/auth-setup.ts:29:7)

    attachment #1: screenshot (image/png) ──────────────────────────────────────────────────────────
    test-results/tier-3-02-authenticated-po-190b1--component-if-pool-deployed-chromium/test-failed-1.png
    ────────────────────────────────────────────────────────────────────────────────────────────────

    attachment #2: video (video/webm) ──────────────────────────────────────────────────────────────
    test-results/tier-3-02-authenticated-po-190b1--component-if-pool-deployed-chromium/video.webm
    ────────────────────────────────────────────────────────────────────────────────────────────────

    Error Context: test-results/tier-3-02-authenticated-po-190b1--component-if-pool-deployed-chromium/error-context.md

  24) [chromium] › tests/e2e/tier-3/02-authenticated-pool-deployment.spec.ts:165:7 › Profile View › should view own profile 

    Error: locator.isVisible: Error: strict mode violation: getByText(/complete.*profile|create.*profile|set up.*profile/i) resolved to 2 elements:
        1) <h3 class="text-white text-lg font-medium mb-6">Complete Your Profile</h3> aka getByRole('heading', { name: 'Complete Your Profile' })
        2) <button disabled type="submit" class="w-full bg-[#B9D9EB] hover:bg-[#0C1D51] text-[#0C1D51] hover:text-[#B9D9EB] border border-[#0C1D51] hover:border-[#B9D9EB] font-medium py-3 px-6 rounded-lg font-mono disabled:opacity-50 disabled:cursor-not-allowed transition-all duration-300 ease-in-out">COMPLETE PROFILE</button> aka getByRole('button', { name: 'COMPLETE PROFILE' })

    Call log:
    [2m    - checking visibility of getByText(/complete.*profile|create.*profile|set up.*profile/i)[22m


       at helpers/privy-test-auth.ts:78

      76 |     // Check for onboarding/profile creation
      77 |     const onboardingHeading = page.getByText(/complete.*profile|create.*profile|set up.*profile/i);
    > 78 |     if (await onboardingHeading.isVisible({ timeout: 3000 })) {
         |                                 ^
      79 |       console.log('  ⚠️ Onboarding required - creating test profile');
      80 |
      81 |       // Generate unique username
        at loginWithPrivyTestAccount (/Users/josh/veritas/veritas-prototype-app/tests/e2e/helpers/privy-test-auth.ts:78:33)
        at Object.authenticatedPage (/Users/josh/veritas/veritas-prototype-app/tests/e2e/fixtures/auth-setup.ts:29:7)

    attachment #1: screenshot (image/png) ──────────────────────────────────────────────────────────
    test-results/tier-3-02-authenticated-po-ea278-iew-should-view-own-profile-chromium/test-failed-1.png
    ────────────────────────────────────────────────────────────────────────────────────────────────

    attachment #2: video (video/webm) ──────────────────────────────────────────────────────────────
    test-results/tier-3-02-authenticated-po-ea278-iew-should-view-own-profile-chromium/video.webm
    ────────────────────────────────────────────────────────────────────────────────────────────────

    Error Context: test-results/tier-3-02-authenticated-po-ea278-iew-should-view-own-profile-chromium/error-context.md

  24 failed
    [chromium] › tests/e2e/tier-1/01-auth.spec.ts:109:7 › Auth Status API › should return unauthenticated status when not logged in 
    [chromium] › tests/e2e/tier-1/03-navigation.spec.ts:9:7 › Basic Navigation › should load home/feed page 
    [chromium] › tests/e2e/tier-1/03-navigation.spec.ts:14:7 › Basic Navigation › should display navigation header 
    [chromium] › tests/e2e/tier-1/03-navigation.spec.ts:24:7 › Basic Navigation › should navigate to explore page 
    [chromium] › tests/e2e/tier-1/03-navigation.spec.ts:47:7 › Basic Navigation › should show sidebar on desktop 
    [chromium] › tests/e2e/tier-1/03-navigation.spec.ts:56:7 › Basic Navigation › should show mobile nav on small screens 
    [chromium] › tests/e2e/tier-1/04-basic-ui.spec.ts:9:7 › Homepage UI › should load and display Veritas branding 
    [chromium] › tests/e2e/tier-1/04-basic-ui.spec.ts:29:7 › Homepage UI › should have feed or posts section 
    [chromium] › tests/e2e/tier-1/04-basic-ui.spec.ts:42:7 › Navigation Elements › should have navigation menu 
    [chromium] › tests/e2e/tier-1/04-basic-ui.spec.ts:52:7 › Navigation Elements › should have mobile navigation on small screens 
    [chromium] › tests/e2e/tier-2/02-feed-viewing.spec.ts:9:7 › Feed Display › should load feed page 
    [chromium] › tests/e2e/tier-2/03-authenticated-post-creation.spec.ts:10:7 › Create Post (Authenticated) › should open create post modal 
    [chromium] › tests/e2e/tier-2/03-authenticated-post-creation.spec.ts:21:7 › Create Post (Authenticated) › should create simple text post 
    [chromium] › tests/e2e/tier-2/03-authenticated-post-creation.spec.ts:60:7 › Create Post (Authenticated) › should reject empty title 
    [chromium] › tests/e2e/tier-2/03-authenticated-post-creation.spec.ts:88:7 › View Posts (Authenticated) › should display feed with posts 
    [chromium] › tests/e2e/tier-2/03-authenticated-post-creation.spec.ts:102:7 › View Posts (Authenticated) › should open post detail 
    [chromium] › tests/e2e/tier-2/03-authenticated-post-creation.spec.ts:125:7 › Wallet Display (Authenticated) › should display connected wallet address 
    [chromium] › tests/e2e/tier-2/03-authenticated-post-creation.spec.ts:140:7 › Wallet Display (Authenticated) › should display USDC balance 
    [chromium] › tests/e2e/tier-3/02-authenticated-pool-deployment.spec.ts:10:7 › Pool Deployment with Test Wallet › should find post without pool 
    [chromium] › tests/e2e/tier-3/02-authenticated-pool-deployment.spec.ts:32:7 › Pool Deployment with Test Wallet › should show create pool button 
    [chromium] › tests/e2e/tier-3/02-authenticated-pool-deployment.spec.ts:55:7 › Pool Deployment with Test Wallet › should attempt pool creation 
    [chromium] › tests/e2e/tier-3/02-authenticated-pool-deployment.spec.ts:103:7 › Pool Display › should display pool metrics if pool exists 
    [chromium] › tests/e2e/tier-3/02-authenticated-pool-deployment.spec.ts:133:7 › Pool Display › should display swap component if pool deployed 
    [chromium] › tests/e2e/tier-3/02-authenticated-pool-deployment.spec.ts:165:7 › Profile View › should view own profile 
  52 skipped
  6 passed (5.4m)
